// Jest Snapshot v1, https://goo.gl/fbAQLP

exports[`Component - Button adds the classes from props.classes to the button 1`] = `"<button tabindex=\\"-1\\" class=\\"MuiButtonBase-root-17 MuiButtonBase-disabled-18 MuiButton-root-1 MuiButton-raised-7 MuiButton-raisedPrimary-8 MuiButton-disabled-11 foo\\" type=\\"button\\" disabled=\\"\\"><span class=\\"MuiButton-label-2\\"><i class=\\"material-icons\\"></i></span></button>"`;

exports[`Component - Button adds the mdl-icon from props.icon 1`] = `"<button tabindex=\\"-1\\" class=\\"MuiButtonBase-root-17 MuiButtonBase-disabled-18 MuiButton-root-1 MuiButton-raised-7 MuiButton-raisedPrimary-8 MuiButton-disabled-11\\" type=\\"button\\" disabled=\\"\\"><span class=\\"MuiButton-label-2\\"><i class=\\"material-icons\\">add</i></span></button>"`;

exports[`Component - Button renders a disabled button if there is no callback defined via props.invoke 1`] = `"<button tabindex=\\"-1\\" class=\\"MuiButtonBase-root-17 MuiButtonBase-disabled-18 MuiButton-root-1 MuiButton-raised-7 MuiButton-raisedPrimary-8 MuiButton-disabled-11\\" type=\\"button\\" disabled=\\"\\"><span class=\\"MuiButton-label-2\\"><i class=\\"material-icons\\"></i></span></button>"`;

exports[`Component - Button sets the type from props.type 1`] = `"<button tabindex=\\"-1\\" class=\\"MuiButtonBase-root-17 MuiButtonBase-disabled-18 MuiButton-root-1 MuiButton-raised-7 MuiButton-raisedPrimary-8 MuiButton-disabled-11\\" type=\\"reset\\" disabled=\\"\\"><span class=\\"MuiButton-label-2\\"><i class=\\"material-icons\\"></i></span></button>"`;
